./test.sh: line 6: let: =: syntax error: operand expected (error token is "=")
./test.sh: line 8:  4801 Aborted                 (core dumped) ../tdftool/tdftool ../THEDRAWFONTS/${TDFFILE} "BADSOFT" > output.ans 2> output.ans
-> ../THEDRAWFONTS/1911.TDF: 134
-> ../THEDRAWFONTS/1911X.TDF: 0
-> ../THEDRAWFONTS/208.TDF: 0
-> ../THEDRAWFONTS/208X.TDF: 0
./test.sh: line 8:  4824 Aborted                 (core dumped) ../tdftool/tdftool ../THEDRAWFONTS/${TDFFILE} "BADSOFT" > output.ans 2> output.ans
-> ../THEDRAWFONTS/3D-ASCII.TDF: 134
-> ../THEDRAWFONTS/3DDIAG.TDF: 0
-> ../THEDRAWFONTS/3D-FADE.TDF: 0
-> ../THEDRAWFONTS/4MAXCOL.TDF: 0
-> ../THEDRAWFONTS/4MAX.TDF: 0
-> ../THEDRAWFONTS/4MAXX.TDF: 0
-> ../THEDRAWFONTS/AAA.TDF: 0
-> ../THEDRAWFONTS/AAAX.TDF: 0
-> ../THEDRAWFONTS/AARDVARK.TDF: 0
-> ../THEDRAWFONTS/ABBADON.TDF: 0
-> ../THEDRAWFONTS/ACCESS.TDF: 0
-> ../THEDRAWFONTS/ACHERONX.TDF: 0
-> ../THEDRAWFONTS/ACID3DX.TDF: 0
-> ../THEDRAWFONTS/ACIDNEWX.TDF: 0
-> ../THEDRAWFONTS/ACIDSC2X.TDF: 0
-> ../THEDRAWFONTS/ACIDSCPX.TDF: 0
-> ../THEDRAWFONTS/ACIDTRON.TDF: 0
-> ../THEDRAWFONTS/ACIDX.TDF: 0
-> ../THEDRAWFONTS/ACRYLICX.TDF: 0
-> ../THEDRAWFONTS/ADOMEX.TDF: 0
-> ../THEDRAWFONTS/ADRENAX.TDF: 0
-> ../THEDRAWFONTS/ADRKNESX.TDF: 0
-> ../THEDRAWFONTS/ADVOCATE.TDF: 0
-> ../THEDRAWFONTS/AFTRDARX.TDF: 0
-> ../THEDRAWFONTS/AFTRHOUX.TDF: 0
-> ../THEDRAWFONTS/AGONY2X.TDF: 0
-> ../THEDRAWFONTS/AGONY.TDF: 0
-> ../THEDRAWFONTS/ALCHEMYX.TDF: 0
-> ../THEDRAWFONTS/ALFHEIMX.TDF: 0
./test.sh: line 8:  4947 Aborted                 (core dumped) ../tdftool/tdftool ../THEDRAWFONTS/${TDFFILE} "BADSOFT" > output.ans 2> output.ans
-> ../THEDRAWFONTS/ALIENLED.TDF: 134
-> ../THEDRAWFONTS/ALIGATR2.TDF: 0
-> ../THEDRAWFONTS/ALPHAX.TDF: 0
-> ../THEDRAWFONTS/AMAZONX.TDF: 0
-> ../THEDRAWFONTS/AMBUSH2.TDF: 0
-> ../THEDRAWFONTS/AMBUSHS.TDF: 0
-> ../THEDRAWFONTS/AMBUSHX.TDF: 0
-> ../THEDRAWFONTS/AMCNEKO.TDF: 0
-> ../THEDRAWFONTS/AMCSLASH.TDF: 0
-> ../THEDRAWFONTS/AMNESIA.TDF: 0
-> ../THEDRAWFONTS/AMNESIAX.TDF: 0
-> ../THEDRAWFONTS/ANARCHYX.TDF: 0
-> ../THEDRAWFONTS/ANDROMED.TDF: 0
./test.sh: line 8:  5006 Segmentation fault      (core dumped) ../tdftool/tdftool ../THEDRAWFONTS/${TDFFILE} "BADSOFT" > output.ans 2> output.ans
-> ../THEDRAWFONTS/ANEMIAX.TDF: 139
-> ../THEDRAWFONTS/ANEMIAXX.TDF: 0
