  _______    _______    _______    _______  
 |       |  |   _   |  |   _   |  |       | 
 |.|   | |  |.  1___|  |   1___|  |.|   | | 
 `-|.  |-'  |.  __)_   |____   |  `-|.  |-' 
   |:  |    |:  1   |  |:  1   |    |:  |   
   |::.|    |::.. . |  |::.. . |    |::.|   
   `---'    `-------'  `-------'    `---'   
                                            
[0m