    _                      _          _      
 __/\\__    __/\\___      /\\__    __/\\__   
(__  __))  (_  ____))    /    \\  (__  __))  
  /  \\     /  ._))     _\  \_//    /  \\    
 /:.  \\   /:. ||___   // \:.\     /:.  \\   
 \__  //   \  _____))  \\__  /     \__  //   
    \//     \//           \\/         \//    
[0m