  ________    ________            _____                _____      ________    ________    
 /        \  /        \      _____\    \          _____\    \    /        \  /        \   
|\         \/         /|    /    / |    |        /    / \    |  |\         \/         /|  
| \            /\____/ |   /    /  /___/|       |    |  /___/|  | \            /\____/ |  
|  \______/\   \     | |  |    |__ |___|/    ____\    \ |   ||  |  \______/\   \     | |  
 \ |      | \   \____|/   |       \         /    /\    \|___|/   \ |      | \   \____|/   
  \|______|  \   \        |     __/ __     |    |/ \    \         \|______|  \   \        
           \  \___\       |\    \  /  \    |\____\ /____/|                 \  \___\       
            \ |   |       | \____\/    |   | |   ||    | |                  \ |   |       
             \|___|       | |    |____/|    \|___||____|/                    \|___|       
 \|____|   | |   
       |___|/    
[0m