     _____          _____          _____          _____     
 ___|__   |__    __|___  |__    __|___  |__   ___|__   |__  
|_    _|     |  |   ___|    |  |   ___|    | |_    _|     | 
 |    |      |  |   ___|    |   `-.`-.     |  |    |      | 
 |____|    __|  |______|  __|  |______|  __|  |____|    __| 
    |_____|        |_____|        |_____|        |_____|    
[0m