___________  ___________    _________  ___________  
\__    ___/  \_   _____/   /   _____/  \__    ___/  
  |    |      |    __)_    \_____  \     |    |     
  |    |      |        \   /        \    |    |     
  |____|     /_______  /  /_______  /    |____|     
                     \/           \/                
                                                    
[0m