88P'888'Y88  888'Y88   dP"8  88P'888'Y88  
P'  888  'Y  888 ,'Y  C8b Y  P'  888  'Y  
    888      888C8     Y8b       888      
    888      888 ",d  b Y8D      888      
    888      888,d88  8edP       888      
                                          
                                          
[0m