▄▄▄▄▄▄▄▄▄▄   ▄▄▄▄▄▄▄▄▄▄    ▄▄▄▄▄▄▄▄▄▄   ▄▄▄▄▄▄▄▄▄▄  
   ███▓┌──  ███▓┌─ ███▓│  ▄██▓┌─ ███▓│     ███▓┌──  
░░ ███▓│░░  ████▄▄  ───┘  ▀███▄▄▄▄▄ ─┘  ░░ ███▓│░░  
▒▒ ███▓│▒▒  ███▓┌─┘▄▄▄▄   ▄▄▄▄┌─ ███▓│  ▒▒ ███▓│▒▒  
▀▀ ███▓│▀▀  ▀███▄▄▄███▓│  ▓███▄▄▄██▓┌┘  ▀▀ ███▓│▀▀  
    ───┘       ────────┘   ─────────┘       ───┘    
[0m