 __________   ___________     ___________   __________  
│          │ │           │  /    ________| │          │ 
:---    ---: :    ----.--: (_____     \  : :---    ---: 
:  |    |  :      ____|--. :     │     '_: :  |    |  : 
:__|    |__: .           :       │     .   :__|    |__: 
   |____:    |___________| |\_________/|      |____:    
   :    :    :           : : :       : :      :    :    
   :____:    :___________:  \:_______:/       :____:    
[0m