                                       
   d8P                          d8P    
d888888P                     d888888P  
  ?88'     d8888b   .d888b,    ?88'    
  88P     d8b_,dP   ?8b,       88P     
  88b     88b         `?8b     88b     
  `?8b    `?888P'  `?888P'     `?8b    
                                       
                                       
                                       
[0m