        ,----,      ,---,.    .--.--.             ,----,  
      ,/   .`|    ,'  .' |   /  /    '.         ,/   .`|  
    ,`   .'  :  ,---.'   |  |  :  /`. /       ,`   .'  :  
  ;    ;     /  |   |   .'  ;  |  |--`      ;    ;     /  
.'___,/    ,'   :   :  |-,  |  :  ;_      .'___,/    ,'   
|    :     |    :   |  ;/|   \  \    `.   |    :     |    
;    |.';  ;    |   :   .'    `----.   \  ;    |.';  ;    
`----'  |  |    |   |  |-,    __ \  \  |  `----'  |  |    
    '   :  ;    '   :  ;/|   /  /`--'  /      '   :  ;    
    |   |  '    |   |    \  '--'.     /       |   |  '    
    '   :  |    |   :   .'    `--'---'        '   :  |    
    ;   |.'     |   | ,'        ;   |.'     
[0m