     ,---,.      ,---,             ,---,        .--.--.         ,----..         ,---,.          ,----,  
   ,'  .'  \    '  .' \          .'  .' `\     /  /    '.      /   /   \      ,'  .' |        ,/   .`|  
 ,---.' .' |   /  ;    '.      ,---.'     \   |  :  /`. /     /   .     :   ,---.'   |      ,`   .'  :  
 |   |  |: |  :  :       \     |   |  .`\  |  ;  |  |--`     .   /   ;.  \  |   |   .'    ;    ;     /  
 :   :  :  /  :  |   /\   \    :   : |  '  |  |  :  ;_      .   ;   /  ` ;  :   :  :    .'___,/    ,'   
 :   |    ;   |  :  ' ;.   :   |   ' '  ;  :   \  \    `.   ;   |  ; \ ; |  :   |  |-,  |    :     |    
 |   :     \  |  |  ;/  \   \  '   | ;  .  |    `----.   \  |   :  | ; | '  |   :  ;/|  ;    |.';  ;    
 |   |   . |  '  :  | \  \ ,'  |   | :  |  '    __ \  \  |  .   |  ' ' ' :  |   |   .'  `----'  |  |    
 '   :  '; |  |  |  '  '--'    '   : | /  ;    /  /`--'  /  '   ;  \; /  |  '   :  '        '   :  ;    
 |   |  | ;   |  :  :          |   | '` ,/    '--'.     /    \   \  ',  /   |   |  |        |   |  '    
 |   :   /    |  | ,'          ;   :  .'        `--'---'      ;   :    /    |   :  \        '   :  |    
 |   | ,'     `--''            |   ,.'           \   \ .'     |   | ,'        ;   |.'     
[0m