.s5SSSSs.  .s5SSSs.   .s5SSSs.   .s5SSSSs.  
   SSS           SS.        SS.     SSS     
   S%S     sS    `:;  sS    `:;     S%S     
   S%S     SS         SS            S%S     
   S%S     SSSs.      `:;;;;.       S%S     
   S%S     SS               ;;.     S%S     
   `:;     SS               `:;     `:;     
   ;,.     SS    ;,.  .,;   ;,.     ;,.     
   ;:'     `:;;;;;:'  `:;;;;;:'     ;:'     
                                            
[0m