   ______    ______    ______    _______    ______    _______    ______ 
  /      \   /      \   /      \   /   ___/   /      \   /   ___/   /      \ 
 /   -   /  /   /   /  /   /   /  /\__   /  /   /   /  /   ___/  /\    __/ 
/   -   / /       / /   /   / /   /  / /       / /   / /  / /  / 
\______/ \__/___/ \______/ \_____/ \______/ \__/ \_/_/__/ 
[0m