~~~888~~~   888~~    ,d88~~\   ~~~888~~~   
   888      888___   8888         888      
   888      888      `Y88b        888      
   888      888       `Y88b,      888      
   888      888         8888      888      
   888      888___   \__88P'      888      
                                           
[0m