 ‹‹€ﬂ€€€ﬂ€‹‹    ‹‹€ﬂ€‹‹    ‹‹€ﬂ€‹‹    ‹‹€ﬂ€€€ﬂ€‹‹   
€≤€  €≤€  €≤€  €≤€› ﬁ€≤€  €≤€› ﬁ€≤€  €≤€  €≤€  €≤€  
€±€  €±€  €±€  €±€   €±€  €±€   €±ﬂ  €±€  €±€  €±€  
ﬂﬂﬂ  €∞€  ﬂﬂﬂ  €∞€   ﬂﬂﬂ  €∞€‹  ﬂ    ﬂﬂﬂ  €∞€  ﬂﬂﬂ  
     € €       € €ﬂﬂ       ﬂﬂﬂﬂ€€€‹       € €       
     €∞€       €∞€   ‹‹‹   ‹€   €∞€       €∞€       
     €±€       €±€   €±€  €±€   €±€       €±€       
     €≤€       €≤€› ﬁ€≤€  €≤€› ﬁ€≤€       €≤€       
     €ﬂ         ﬂﬂ€‹€ﬂﬂ    ﬂﬂ€‹€ﬂﬂ        €ﬂ        
[0m