€€€ﬂﬂ€‹‹    ‹‹€ﬂ€‹‹   €€€ﬂﬂ€‹‹    ‹‹€ﬂ€‹‹    ‹‹€ﬂ€‹‹    ‹‹€ﬂ€‹‹    ‹‹€ﬂ€€€ﬂ€‹‹   
€≤€  ﬁ€≤€  €≤€› ﬁ€≤€  €≤€  ﬁ€≤€  €≤€› ﬁ€≤€  €≤€› ﬁ€≤€  €≤€› ﬁ€≤€  €≤€  €≤€  €≤€  
€±€   €±€  €±€   €±€  €±€   €±€  €±€   €±ﬂ  €±€   €±€  €±€   €±€  €±€  €±€  €±€  
€∞€  ‹€€ﬂ  €∞€   €∞€  €∞€   €∞€  €∞€‹  ﬂ    €∞€   €∞€  €∞€   ﬂﬂﬂ  ﬂﬂﬂ  €∞€  ﬂﬂﬂ  
€ €ﬂﬂ€€‹   € €ﬂﬂﬂ€ €  € €   € €   ﬂﬂﬂﬂ€€€‹  € €   € €  € €ﬂﬂ           € €       
€∞€   €∞€  €∞€   €∞€  €∞€   €∞€   ‹€   €∞€  €∞€   €∞€  €∞€             €∞€       
€±€   €±€  €±€   €±€  €±€   €±€  €±€   €±€  €±€   €±€  €±€             €±€       
€≤€  ﬁ€≤€  €≤€   €≤€  €≤€  ﬁ€≤€  €≤€› ﬁ€≤€  €≤€› ﬁ€≤€  €≤€             €≤€       
€€€‹‹€ﬂﬂ   €ﬂ     ﬂ€  €€€‹‹€ﬂﬂ    ﬂﬂ€‹€ﬂﬂ    ﬂﬂ€‹€ﬂﬂ   €ﬂ              €ﬂ        
[0m