8""""8     8""""8   8""""8   8""""8   8"""88   8""""   ""8""   
8    8     8    8   8    8   8        8    8   8         8     
8eeee8ee   8eeee8   8e   8   8eeeee   8    8   8eeee     8e    
88     8   88   8   88   8       88   8    8   88        88    
88     8   88   8   88   8   e   88   8    8   88        88    
88eeeee8   88   8   88eee8   8eee88   8eeee8   88        88    
                                                               
[0m