                                                               
 ﬂﬂﬂ€€‹   ﬂﬂﬂ€€‹  ﬂﬂﬂﬂ€€‹   ﬂﬂﬂ€€‹   ﬂﬂﬂ€€‹   ﬂﬂﬂ€€‹  ﬂﬂ∞∞∞ﬂﬂ  
∞∞∞ €€€  ∞∞∞ €€€  ∞∞∞ €€€  ∞∞∞ €€€  ∞∞∞ €€€  ∞∞∞ €€€    ±±±    
±±± €€€  ±±± €€€  ±±± €€€  ±±±      ±±± €€€  ±±±        ≤≤≤    
≤≤≤‹€€ﬂ  ≤≤≤‹€€€  ≤≤≤ €€€  ﬂ≤≤‹‹‹   ≤≤≤ €€€  ≤≤≤‹‹      €€€    
€€€ €€€  €€€ €€€  €€€ €€€      €€€  €€€ €€€  €€€        €€€    
€€€ €€€  €€€ €€€  €€€ €€€      €€€  €€€ €€€  €€€        €€€    
€€€ €€€  €€€ €€€  €€€ €€€  ‹‹‹ €€€  €€€ €€€  €€€        €€€    
€€€ €€€  €€€ €€€  €€€ €€€  €€€ €€€  €€€ €€€  €€€        €€€    
€€€‹€€ﬂ  €€€ €€€  €€€‹€€ﬂ  ﬂ€€‹€€ﬂ  ﬂ€€‹€€ﬂ  €€€        €€€    
[0m