                                  ;                        .         :            ,                      
  .                         ..    ED.                     ;W        t#,           Et                     
  Ef.                      ;W,    E#Wi                   f#E       ;##W.          E#t         GEEEEEEEL  
  E#Wi                    j##,    E###G.               .E#f       :#L:WE          E##t        ,;;L#K;;.  
  E#K#D:                 G###,    E#fD#W;             iWW;       .KG  ,#D         E#W#t          t#E     
  E#t,E#f.             :E####,    E#t t##L           L##Lffi     EE    ;#f        E#tfL.         t#E     
  E#WEE##Wt           ;W#DG##,    E#t  .E#K,        tLLG##L     f#.     t#i       E#t            t#E     
  E##Ei;;;;.         j###DW##,    E#t    j##f         ,W#i      :#G     GK     ,ffW#Dffj.        t#E     
  E#DWWt            G##i,,G##,    E#t    :E#K:       j#E.        ;#L   LW.      ;LW#ELLLf.       t#E     
  E#t f#K;        :K#K:   L##,    E#t   t##L       .D#j           t#f f#:         E#t            t#E     
  E#Dfff##E,     ;##D.    L##,    E#t .D#W;       ,WK,             f#D#;          E#t            t#E     
  jLLLLLLLLL;    ,,,      .,,     E#tiW#G.        EG.               G#t           E#t             fE     
[0m