 ллллллллллл      ллллллллл     лллллллллл      ллллллллл       ллллллл      ллллллллллл   ллллллллллл  
ААлллАААААллл    лллАААААллл   ААлллААААллл    лллАААААллл    лллАААААллл   ААлллААААААл  АлАААлллАААл  
 Аллл    Аллл   Аллл    Аллл    Аллл   ААллл  Аллл    ААА    ллл     ААллл   Аллл   л А   А   Аллл  А   
 Алллллллллл    Аллллллллллл    Аллл    Аллл  ААллллллллл   Аллл      Аллл   Аллллллл         Аллл      
 АлллАААААллл   АлллАААААллл    Аллл    Аллл   ААААААААллл  Аллл      Аллл   АлллАААл         Аллл      
 Аллл    Аллл   Аллл    Аллл    Аллл    ллл    ллл    Аллл  ААллл     ллл    Аллл  А          Аллл      
 ллллллллллл    ллллл   ллллл   лллллллллл    ААллллллллл    АААлллллллА     ллллл            ллллл     
ААААААААААА    ААААА   ААААА   АААААААААА      ААААААААА       ААААААА      ААААА            ААААА      
                                                                                                        
                                                                                                        
                                                                                                        
[0m