                                                        
                                                        
MMP""MM""YMM   `7MM"""YMM     .M"""bgd   MMP""MM""YMM   
P'   MM   `7     MM    `7    ,MI    "Y   P'   MM   `7   
     MM          MM   d      `MMb.            MM        
     MM          MMmmMM        `YMMNq.        MM        
     MM          MM   Y  ,   .     `MM        MM        
     MM          MM     ,M   Mb     dM        MM        
   .JMML.      .JMMmmmmMMM   P"Ybmmd"       .JMML.      
[0m