    ___          _          ___        ___        ____        ____     ____  
   F _ ",       /.\        F __".     F __".     F __ ]      F ___J   /_  _\ 
  J `-'(|      //_\\      J |--\ L   J (___|    J |--| L    J |___:   [J  L] 
  | ,--.\     / ___ \     | |  J |   J\___ \    | |  | |    | _____|   |  |  
  F L__J \   / L___J \    F L__J |  .--___) \   F L__J J    F |____J   F  J  
 J_______J  J__L   J__L  J______/F  J\______J  J\______/F  J__F       J____L 
 |_______F  |__L   J__|  |______F    J______F   J______F   |__|       |____| 
[0m