ллллллллВБАА  ллллллллВБАА  ллллллллВБАА  ллллллллВБАА   лллллллВБА  ллллллллВБАА  ллллллллВБАА  
ллллл  ллВБА  ллллл  ллВБА  ллллл  ллВБА  ллллл  ллВБА  ллллл  ллВБА  ллллл  ллВБА     ллллл  
ллллл  лллВБ  ллллл  лллВБ  ллллл  лллВБ  ллллл  ллллл  лллВБ  ллллл     ллллл  
ВллллллллллВ  Влллл  ллллВ  Влллл  ллллВ  Вллллллллллл  Влллл  ллллВ  Вллллллл     ллллл  
БВллл  ллллл  БВлллллллллл  БВллл  ллллл         ллллл  БВллл  ллллл  БВллл     ллллл  
АБВлл  ллллл  АБВлл  ллллл  АБВлл  ллллл  АБВлл  ллллл  АБВлл  ллллл  АБВлл     ллллл  
ААБВлллллллл  ААБВл  ллллл  ААБВлллллллл  ААБВлллллллл   АБВллллллл  ААБВл     Влллл  
[0m