ллллллллВБАА  ллллллллВБАА  ллллллллВБАА  ллллллллВБАА  
   ллллл      ллллл  ллВБА  ллллл  ллВБА     ллллл      
   ллллл      ллллл         ллллл            ллллл      
   ллллл      Вллллллл      Вллллллллллл     ллллл      
   ллллл      БВллл                ллллл     ллллл      
   ллллл      АБВлл  ллллл  АБВлл  ллллл     ллллл      
   Влллл  ААБВлллллллл  ААБВлллллллл     Влллл  
[0m