 ___________    _______    ________   ___________  
("     _   ")  /"     "|  /"       ) ("     _   ") 
 )__/  \\__/  (: ______) (:   \___/   )__/  \\__/  
    \\_ /      \/    |    \___  \        \\_ /     
    |.  |      // ___)_    __/  \\       |.  |     
    \:  |     (:      "|  /" \   :)      \:  |     
     \__|      \_______) (_______/        \__|     
[0m