ggg                         ggg          ,             gggeee,,   ggg    .   
$$$eee,,    ,,aaa$$$   ,,eee$$$   aaa,,,a$   ,,aaa,.   $$$ ``$$$  $$$ee,o$b  
%$$ ``$$$  $$$`` $$$  $$$`` $$%  $$$`` $$$  $$$```$$$  %$$$o.$$$  %$$  `$$P  
$$$---$$$  $$$---$$$  $$$---$$$  $$$---$$$  $$$---$$$  $$$------  $$$------  
$$$ ° $$$  $$$ ° $$$  $$$ ° $$$  $$$aa°aaa  $$$ ° $$$  $$$ °°°°°  $$$ °°...  
$$$---$$$  $$$---$$$  $$$---$$$  ggg---$$$  $$$---$$$  $$$------  $$$---.o$  
$$$a.a$$'  ^$$aaaS$$  `$$a.a$$$  ^$$aaaS$$  ^$$aaaS$'  $$$        ^$$a.a$$'  
[0m