ggg    .                      ,  ggg    .   
$$$ee,o$b   ,,aaaaaa   aaa,,,a$  $$$ee,o$b  
%$$  `$$P  $$$`` $$$  $$$`` $$$  %$$  `$$P  
$$$------  $$$---$$$  $$$---$$$  $$$------  
$$$ °°...  $$$eee$$$  $$$aa°aaa  $$$ °°...  
$$$---.o$  $$$- -ggg  ggg---$$$  $$$---.o$  
^$$a.a$$'  $$$aaaS$$  ^$$aaaS$$  ^$$a.a$$'  
[0m