 _________________        ______              ______     _________________   
/                 \   ___|\     \         ___|\     \   /                 \  
\______     ______/  |     \     \       |    |\     \  \______     ______/  
   \( /    /  )/     |     ,_____/|      |    |/____/|     \( /    /  )/     
    ' |   |   '      |     \--'\_|/   ___|    \|   | |      ' |   |   '      
      |   |          |     /___/|    |    \    \___|/         |   |          
     /   //          |     \____|\   |    |\     \           /   //          
    /___//           |____ '     /|  |\ ___\|_____|         /___//           
   |`   |            |    /_____/ |  | |    |     |        |`   |            
   |____|            |____|     | /   \|____|_____|        |____|            
     \(                \( |_____|/       \(    )/            \(              
      '                 '    )/           '    '              '              
[0m