 ______   _______   ______    _______   ______    _______   ______  
/  __  \ /  ___  \ / __   \  /  _____> /      \  /  _____> /      \ 
\   /  / \   |   / \   \   > \_____  / \   \   > \   ____> \  \___/ 
 \  > <   \  |  /   \   > /    / \  /   \   > /   \  \      \  \    
  \___/    \_|_/     \___/     \___/     \___/     \__>      \__>   
[0m