‹‹‹‹‹‹‹‹‹‹‹‹‹‹‹     ‹‹‹‹‹‹‹‹‹         ‹‹‹‹‹‹‹‹‹‹‹›  ‹‹‹‹‹‹‹‹‹‹‹‹‹‹‹  
€€€€€€€€€€€€€€›   ‹≤≤≤€› ﬁ€≤≤€‹    ‹€€€€  ﬁ€≤≤≤≤€›  €€€€€€€€€€€€€€›  
 ﬂﬂﬂ≤≤≤€€≤ﬂﬂﬂﬂ   ﬁ€≤≤€≤   €∞±≤€›  ﬁ≤€€€≤  ﬁ≤±±±±≤›   ﬂﬂﬂ≤≤≤€€≤ﬂﬂﬂﬂ   
    ≤≤≤≤≤≤       ≤€€€€≤   ≤∞ ∞≤€  ≤€±±≤≤  ﬁ±∞∞∞∞±›      ≤≤≤≤≤≤       
    ≤±±±±≤       ≤€€€€≤   ≤±∞±€   ≤€∞∞€≤  ﬁ∞≤≤≤≤∞›      ≤±±±±≤       
    ≤∞∞∞∞≤       ≤€€€€≤   ﬂﬂﬂﬂ    ≤€≤≤≤≤›  ﬂﬂﬂﬂﬂﬂ       ≤∞∞∞∞≤       
    ˛ﬂ∞±±€       ≤€€€€€‹‹‹‹‹‹     ﬁ€≤≤±±€‹‹             ˛ﬂ∞±±€       
    ‹€€‹‹€       ≤€€€€€€€€≤±∞      ﬂ€≤≤≤≤≤≤≤±‹          ‹€€‹‹€       
    ≤€≤≤€≤       ≤€≤≤€≤               ﬂﬂﬂ≤≤±±±≤‹        ≤€≤≤€≤       
    ≤€€€€≤       ≤€€€€≤   ≤‹              ﬂ±±≤≤€›       ≤€€€€≤       
    ≤€€€€≤       ≤€€€€≤   ≤€€‹‹‹  ‹‹‹‹‹‹‹  ≤≤≤€€≤       ≤€€€€≤       
    ≤≤≤≤≤≤       ≤≤≤≤≤≤   ≤≤≤≤≤≤  €≤≤≤≤≤€  ≤€€€€€       ≤≤≤≤≤≤       
[0m