__________      _____     ________       _________  ________     ___________  ___________  
\______   \    /  _  \    \______ \     /   _____/  \_____  \    \_   _____/  \__    ___/  
 |    |  _/   /  /_\  \    |    |  \    \_____  \    /   |   \    |    __)      |    |     
 |    |   \  /    |    \   |    `   \   /        \  /    |    \   |     \       |    |     
 |______  /  \____|__  /  /_______  /  /_______  /  \_______  /   \___  /       |____|     
        \/           \/           \/           \/           \/        \/                   
                                                                                           
[0m