мллллллллм   млллллллм  мллллллллм   млллллллм   млллллллм  млллллллллм  мллллллллллм  
лллл   лллл  ллллппплллл  лллл   пллл  ллллп плллл  ллллппплллл  лллл    ппп  ппппллллпппп  
лллллллллп  ллллмммлллл  лллл    ллл  плллллмм  ллл     ллл  ллллмммм      лллл  
ллллппплллм  ллллллллллл  лллл    ллл     пплллллм  ллл     ллл  ллллпппп      лллл  
ллллмммлллл  лллл   лллл  ллллмммлллп  ллллм млллл  ллллмммлллл  лллл      лллл  
пллллллллп  пллп   пллп  плллллллп   плллллллп   плллллллп  пллп      пллп  
[0m