‹‹‹‹‹‹‹    ‹‹‹‹‹‹   ‹‹‹‹‹‹‹    ‹‹‹‹‹‹    ‹‹‹‹‹‹    ‹‹‹‹‹‹   ‹‹‹‹‹‹‹  
€€€  €€€  €€€  €€€  €€€  €€€  €€€  €€€  €€€  €€€  €€€  €€€    €€€    
€€€  €€€  €€€  €€€  €€€  €€€  €€€  €€€  €€€  €€€  €€€  €€€    €€€    
€€€ ‹€€ﬂ  €€€ ‹€€€  €€€  €€€  ﬂ€€‹‹‹‹   €€€  €€€  €€€‹‹       €€€    
€≤€  €€€  €≤€  €≤€  €≤€  €€€  ‹‹‹  €€€  €≤€  €≤€  €≤€         €≤€    
€±€  €≤€  €±€  €±€  €±€  €≤€  €≤€  €≤€  €±€  €±€  €±€         €±€    
€∞€  €±€  €∞€  €∞€  €∞€  €±€  €±€  €±€  €∞€  €∞€  €∞€         €∞€    
ﬂﬂﬂﬂﬂﬂﬂ   ﬂﬂﬂ  ﬂﬂﬂ  ﬂﬂﬂﬂﬂﬂﬂ    ﬂﬂﬂﬂﬂﬂ    ﬂﬂﬂﬂﬂﬂ   ﬂﬂﬂ         ﬂﬂﬂ    
[0m