‹‹‹‹‹‹‹   ‹‹‹‹‹‹    ‹‹‹‹‹‹   ‹‹‹‹‹‹‹  
  €€€    €€€  €€€  €€€  €€€    €€€    
  €€€    €€€  €€€  €€€  €€€    €€€    
  €€€    €€€‹‹     ﬂ€€‹‹‹‹     €€€    
  €≤€    €≤€  ‹‹‹  ‹‹‹  €€€    €≤€    
  €±€    €±€  €≤€  €≤€  €≤€    €±€    
  €∞€    €∞€  €±€  €±€  €±€    €∞€    
  ﬂﬂﬂ     ﬂﬂﬂﬂﬂﬂ    ﬂﬂﬂﬂﬂﬂ     ﬂﬂﬂ    
[0m