ллллллЛ   лллллЛ  ллллллЛ  лллллллЛ   ллллллЛ  лллллллЛ  ллллллллЛ  
ллЩЭЭллЛ  ллЩЭЭллЛ  ллЩЭЭллЛ  ллЩЭЭЭЭМ  ллЩЭЭЭллЛ  ллЩЭЭЭЭМ  ШЭЭллЩЭЭМ  
ллллллЩМ  лллллллК  ллК  ллК  лллллллЛ  ллК   ллК  лллллЛ     ллК  
ллЩЭЭллЛ  ллЩЭЭллК  ллК  ллК  ШЭЭЭЭллК  ллК   ллК  ллЩЭЭМ     ллК  
ллллллЩМ  ллК  ллК  ллллллЩМ  лллллллК  ШллллллЩМ  ллК     ллК  
ШЭЭЭЭЭМ  ШЭМ  ШЭМ  ШЭЭЭЭЭМ  ШЭЭЭЭЭЭМ   ШЭЭЭЭЭМ  ШЭМ     ШЭМ  
[0m