 ______     ______     _____     ______     ______     ______   ______  
/\  == \   /\  __ \   /\  __-.  /\  ___\   /\  __ \   /\  ___\ /\__  _\ 
\ \  __<   \ \  __ \  \ \ \/\ \ \ \___  \  \ \ \/\ \  \ \  __\ \/_/\ \/ 
 \ \_____\  \ \_\ \_\  \ \____-  \/\_____\  \ \_____\  \ \_\      \ \_\ 
  \/_____/   \/_/\/_/   \/____/   \/_____/   \/_____/   \/_/       \/_/ 
[0m