 _________   ______       ______       _________  
/________/\ /_____/\     /_____/\     /________/\ 
\__.::.__\/ \::::_\/_    \::::_\/_    \__.::.__\/ 
   \::\ \    \:\/___/\    \:\/___/\      \::\ \   
    \::\ \    \::___\/_    \_::._\:\      \::\ \  
     \::\ \    \:\____/\     /____\:\      \::\ \ 
      \__\/     \_____\/     \_____\/       \__\/ 
[0m