                    db                                 .dP"Yb  `Yb                       
                 db    db                            dP'   d'   88                       
                                                                88                       
`Yb d88b d88b      'Yb     `Yb.d88b d88b   .d888b.     'Yb      88.d88b.     `Yb.d888b   
 88P   8Y   8b      88      88'   8Y   8b  8'   `Yb     88      88P'   Y8     88'    8Y  
 88    8P   88      88      88    8P   88  Yb.   88     88      88     8P     88     8P  
 88  .dP' .dP'     .8P      88  ,dP  ,dP       .dP     .8P      88   ,dP      88   ,dP   
 888888888888b.             88               .dP'              .888888888b.   88         
 88                         88             .dP'                               88         
.8P                        .8P                                               .8P         
[0m