888b.      db      888b.   .d88b.   .d88b.   8888   88888   
8wwwP     dPYb     8   8   YPwww.   8P  Y8   8www     8     
8   b    dPwwYb    8   8       d8   8b  d8   8        8     
888P'   dP    Yb   888P'   `Y88P'   `Y88P'   8        8     
                                                            
[0m