мммммммммм     ммммммммм    мммммммммм     мммммммммм    ммммммммм     мммммммммм   мммммммммм  
лллВкФ лллВП  лллВкФ лллВП  лллВкФ лллВП  мллВкФ лллВГ  мВлВкФ лллВП  лллВкФ лллВГ     лллВкФФ  
ллллмммллпкй  лллВГммллллГ  лллВГ  ллллГ  плллммммм Фй  лллВГ  ллллГ  ллллмм  ФФФй  АА лллВГАА  
лллВкФ лллмП  лллВУФ ллллГ  лллВГ  лллВГ  ммммкФ лллВГ  лллВГ  лллВГ  лллВкФйБББББ  ББ лллВГББ  
ВлллмммлВкФй  ВллВГ  ВллВГ  ВлллмммлВкФй  ВлллмммллВкй  РВллмммлВкФй  ВллВГппппппп  пп лллВГпп  
 ФФФФФФФФй     ФФФй   ФФФй   ФФФФФФФФй     ФФФФФФФФФй     ФФФФФФФй     ФФФй             ФФФй    
[0m