 __________   ___________     ___________   __________  
³          ³ ³           ³  /    ________| ³          ³ 
:---    ---: :    ----.--: (_____     \  : :---    ---: 
:  |    |  :      ____|--. :     ³     '_: :  |    |  : 
:__|    |__: .           :       ³     .   :__|    |__: 
   |____:    |___________| |\_________/|      |____:    
   :    :    :           : : :       : :      :    :    
   :____:    :___________:  \:_______:/       :____:    
[0m